[
  [0] "I am using Swap My Vote to make my vote count in the #Wakefield or #TivertonandHoniton #byelection\\n\\n#SwapMyVote",
  [1] "Use Swap My Vote to make your vote count in the #Wakefield or #TivertonandHoniton #byelection\\n\\n#SwapMyVote"
]